I'm sorry, but errors were detected in your script. Please correct the
errors listed below, and try again.


File "game/options.rpy", line 203: expected statement.
    mm_root = "demotitle.png"
            ^

Ren'Py Version: Ren'Py 6.99.12.4.2187
